[ukieweb.com/envato/ukiecard/style3/index.html]
[backblue.gif]
[fade.gif]
[index.html]
[ukieweb.com/envato/ukiecard/style3/assets/img/favicons/apple-touch-icon-144x144.png]
[ukieweb.com/envato/ukiecard/style3/assets/img/favicons/apple-touch-icon-114x114.png]
[ukieweb.com/envato/ukiecard/style3/assets/img/favicons/apple-touch-icon-72x72.png]
[ukieweb.com/envato/ukiecard/style3/assets/img/favicons/apple-touch-icon.png]
[ukieweb.com/envato/ukiecard/style3/assets/img/favicons/favicon.png]
[ukieweb.com/envato/ukiecard/style3/assets/img/man-home.png]
[ukieweb.com/envato/ukiecard/style3/profile.html]
[ukieweb.com/envato/ukiecard/style3/resume.html]
[ukieweb.com/envato/ukiecard/style3/portfolio.html]
[ukieweb.com/envato/ukiecard/style3/blog.html]
[ukieweb.com/envato/ukiecard/style3/contact.html]
[ukieweb.com/envato/ukiecard/style3/assets/js/jquery-1.11.2.min.js]
[ukieweb.com/envato/ukiecard/style3/assets/boostrap-files/js/bootstrap.min.js]
[ukieweb.com/envato/ukiecard/style3/assets/js/jquery.appear.js]
[ukieweb.com/envato/ukiecard/style3/assets/js/jquery.nicescroll.min.js]
[ukieweb.com/envato/ukiecard/style3/assets/js/jquery.mixitup.min.js]
[ukieweb.com/envato/ukiecard/style3/assets/js/jquery.magnific-popup.min.js]
[ukieweb.com/envato/ukiecard/style3/assets/js/owl.carousel.min.js]
[ukieweb.com/envato/ukiecard/style3/assets/js/jquery.inview.min.js]
[ukieweb.com/envato/ukiecard/style3/assets/js/jquery.knob.min.js]
[ukieweb.com/envato/ukiecard/style3/assets/js/jquery.cookie.js]
[ukieweb.com/envato/ukiecard/style3/assets/js/TweenMax.min.js]
[ukieweb.com/envato/ukiecard/style3/assets/js/menu.js]
[ukieweb.com/envato/ukiecard/style3/index.html]
[ukieweb.com/envato/ukiecard/style3/assets/js/scripts.js]
[fonts.googleapis.com/cssecdf.css]
[fonts.googleapis.com/cssca8e.css]
[ukieweb.com/envato/ukiecard/style3/assets/img/profile_l.png]
[ukieweb.com/envato/ukiecard/style3/index-2.html]
[ukieweb.com/envato/ukiecard/style3/profile.html]
[ukieweb.com/envato/ukiecard/style3/assets/img/resume_l.png]
[ukieweb.com/envato/ukiecard/style3/resume.html]
[ukieweb.com/envato/ukiecard/style3/assets/js/jquery.countTo.js]
[ukieweb.com/envato/ukiecard/style3/assets/img/portfolio_l.png]
[ukieweb.com/envato/ukiecard/style3/assets/img/portfolio/p1.png]
[ukieweb.com/envato/ukiecard/style3/assets/img/portfolio/p_b1.png]
[ukieweb.com/envato/ukiecard/style3/assets/img/portfolio/p2.png]
[ukieweb.com/envato/ukiecard/style3/assets/img/portfolio/p_b2.png]
[ukieweb.com/envato/ukiecard/style3/assets/img/portfolio/p3.png]
[ukieweb.com/envato/ukiecard/style3/assets/img/portfolio/p_b3.png]
[ukieweb.com/envato/ukiecard/style3/assets/img/portfolio/p4.png]
[ukieweb.com/envato/ukiecard/style3/assets/img/portfolio/p_b4.png]
[ukieweb.com/envato/ukiecard/style3/assets/img/portfolio/p5.png]
[ukieweb.com/envato/ukiecard/style3/assets/img/portfolio/p_b5.png]
[ukieweb.com/envato/ukiecard/style3/assets/img/portfolio/p6.png]
[ukieweb.com/envato/ukiecard/style3/assets/img/portfolio/p_b6.png]
[ukieweb.com/envato/ukiecard/style3/assets/img/portfolio/p7.png]
[ukieweb.com/envato/ukiecard/style3/assets/img/portfolio/p_b7.png]
[ukieweb.com/envato/ukiecard/style3/assets/img/portfolio/p8.png]
[ukieweb.com/envato/ukiecard/style3/assets/img/portfolio/p_b8.png]
[ukieweb.com/envato/ukiecard/style3/assets/img/portfolio/p9.png]
[ukieweb.com/envato/ukiecard/style3/assets/img/portfolio/p_b9.png]
[ukieweb.com/envato/ukiecard/style3/portfolio.html]
[ukieweb.com/envato/ukiecard/style3/assets/js/portfolio_scripts.js]
[ukieweb.com/envato/ukiecard/style3/assets/img/blog_l.png]
[ukieweb.com/envato/ukiecard/style3/assets/img/blog/post1.png]
[ukieweb.com/envato/ukiecard/style3/blog.html]
[ukieweb.com/envato/ukiecard/style3/post-img.html]
[ukieweb.com/envato/ukiecard/style3/assets/img/contact_l.png]
[ukieweb.com/envato/ukiecard/style3/contact.html]
[ukieweb.com/envato/ukiecard/style3/assets/js/contact_scripts.js]
[ukieweb.com/envato/ukiecard/style3/index-2.html]
[ukieweb.com/envato/ukiecard/style3/post-img.html]
[ukieweb.com/envato/ukiecard/style3/assets/img/comment_foto.png]
[ukieweb.com/envato/ukiecard/style3/assets/fonts/font-awesome/fonts/fontawesome-webfont3295.eot]
[ukieweb.com/envato/ukiecard/style3/assets/fonts/font-awesome/fonts/fontawesome-webfontd41d.eot]
[ukieweb.com/envato/ukiecard/style3/assets/fonts/font-awesome/fonts/fontawesome-webfont3295.woff]
[ukieweb.com/envato/ukiecard/style3/assets/fonts/font-awesome/fonts/fontawesome-webfont3295.ttf]
[ukieweb.com/envato/ukiecard/style3/assets/fonts/font-awesome/css/font-awesome.min.css]
[ukieweb.com/envato/ukiecard/style3/assets/boostrap-files/fonts/glyphicons-halflings-regular.eot]
[ukieweb.com/envato/ukiecard/style3/assets/boostrap-files/fonts/glyphicons-halflings-regulard41d.eot]
[ukieweb.com/envato/ukiecard/style3/assets/boostrap-files/fonts/glyphicons-halflings-regular.woff]
[ukieweb.com/envato/ukiecard/style3/assets/boostrap-files/fonts/glyphicons-halflings-regular.ttf]
[ukieweb.com/envato/ukiecard/style3/assets/boostrap-files/css/bootstrap.min.css]
[ukieweb.com/envato/ukiecard/style3/assets/css/animate.css]
[ukieweb.com/envato/ukiecard/style3/assets/img/arrow.png]
[ukieweb.com/envato/ukiecard/style3/assets/css/style.css]
[ukieweb.com/envato/ukiecard/style3/assets/img/loading.gif]
[ukieweb.com/envato/ukiecard/style3/assets/css/switcher.css]
[ukieweb.com/envato/ukiecard/style3/assets/css/colour-scheme/color-blue.css]
[ukieweb.com/envato/ukiecard/style3/assets/css/respons.css]
[ukieweb.com/envato/ukiecard/style3/profile.html]
[ukieweb.com/envato/ukiecard/style3/index-2.html]
[ukieweb.com/envato/ukiecard/style3/assets/css/grabbing.png]
[ukieweb.com/envato/ukiecard/style3/assets/css/owl.carousel.css]
[ukieweb.com/envato/ukiecard/style3/assets/css/AjaxLoader.gif]
[ukieweb.com/envato/ukiecard/style3/assets/css/owl.theme.css]
[ukieweb.com/envato/ukiecard/style3/assets/css/magnific-popup.css]
[ukieweb.com/envato/ukiecard/style3/post-img.html]
[ukieweb.com/envato/ukiecard/style3/assets/fonts/font-awesome/fonts/fontawesome-webfont3295.html]
[ukieweb.com/envato/ukiecard/style3/assets/fonts/font-awesome/fonts/fontawesome-webfont3295.svg]
[ukieweb.com/envato/ukiecard/style3/assets/boostrap-files/fonts/glyphicons-halflings-regular.html]
[ukieweb.com/envato/ukiecard/style3/assets/boostrap-files/fonts/glyphicons-halflings-regular.svg]
[ukieweb.com/envato/ukiecard/style3/assets/img/close.svg]
[ukieweb.com/envato/ukiecard/style3/assets/img/close-white.svg]
[ukieweb.com/envato/ukiecard/style3/assets/img/search.svg]
[ukieweb.com/envato/ukiecard/style3/assets/css/grabbing.html]
[ukieweb.com/envato/ukiecard/style3/assets/css/AjaxLoader.html]
